// Jest Snapshot v1, https://goo.gl/fbAQLP

exports[`Should render Add Expense Page Correctly 1`] = `
<div>
  <h1>
    Add Expense Page
  </h1>
  <ExpenseForm />
</div>
`;
