// Jest Snapshot v1, https://goo.gl/fbAQLP

exports[`should correctly render expenses summary with 1 expense 1`] = `
<div>
  <h1>
    Viewing 
    1
     expenses totalling $21.33
  </h1>
</div>
`;

exports[`should correctly render multiple expenses 1`] = `
<div>
  <h1>
    Viewing 
    23
     expenses totalling $21.33
  </h1>
</div>
`;
