// Jest Snapshot v1, https://goo.gl/fbAQLP

exports[`should return expense list item 1`] = `
<div>
  <h3>
    Description:
    Gum
  </h3>
  <p>
    Amount:
    $195.00
  </p>
  <p>
    1 January 1970
  </p>
  <Link
    to="/edit/1"
  >
    <h3>
      Edit 
      Gum
    </h3>
  </Link>
</div>
`;
