// Jest Snapshot v1, https://goo.gl/fbAQLP

exports[`should render Header Correctly 1`] = `
<header>
  <h1>
    EXPENSIFY
  </h1>
  <NavLink
    activeClassName="is-active"
    exact={true}
    to="/"
  >
    Home Page
  </NavLink>
  <NavLink
    activeClassName="is-active"
    to="/create"
  >
    Create Expense Page
  </NavLink>
  <NavLink
    activeClassName="is-active"
    to="/help"
  >
    Help Page
  </NavLink>
</header>
`;
